// Jest Snapshot v1, https://goo.gl/fbAQLP

exports[`<Offline /> should not render component 1`] = `<div />`;

exports[`<Offline /> should render component 1`] = `
.c0 {
  background: var(--flash-default);
  color: var(--flash-default-text);
  font-size: var(--font-size-normal);
  margin: 0 0 var(--gutter);
  padding: 2rem;
  position: relative;
  text-align: center;
}

<div>
  <div
    class="c0"
    style="opacity: 0;"
  >
    You are currently offline. Connect to the internet for access to the latest photos
  </div>
</div>
`;
