// Jest Snapshot v1, https://goo.gl/fbAQLP

exports[`<Photos /> should render component 1`] = `
.c0 {
  grid-row-start: 1;
  grid-column: 1 / span 6;
  margin: 0;
}

.c4 {
  grid-row-start: 2;
  grid-column: 1 / span 6;
  margin: 0;
}

.c2 {
  font-size: 1.2rem;
}

.c3 {
  color: var(--gray-2);
  display: block;
  font-size: 1rem;
  font-style: italic;
  margin: 0.4rem 0 0;
}

.c1 {
  background: var(--gray-4);
  position: relative;
  padding-top: calc(0.666667 * 100%);
  width: 100%;
  margin: 0 0 1rem;
}

.c6 {
  -webkit-appearance: none;
  -moz-appearance: none;
  appearance: none;
  background: transparent;
  border: none;
  cursor: pointer;
  outline: none;
  padding: 1rem 1.2rem 1.1rem;
  -webkit-text-decoration: none;
  text-decoration: none;
  background: white;
  border: 1px solid var(--gray-1);
  display: inline-block;
  font-family: 'Roboto',Arial,sans-serif;
  width: 4.2rem;
  color: var(--text);
  font-size: 1.6rem;
  font-weight: 700;
  will-change: border-color;
  -webkit-transition: border-color 150ms ease-out;
  transition: border-color 150ms ease-out;
}

.c6:hover {
  border-color: var(--gray-3);
}

.c5 {
  grid-column: 1 / -1;
  margin: 0;
  padding: 0;
  text-align: center;
}

.c5 > li {
  display: inline-block;
  margin: 0 0.5rem;
}

@media (min-width:800px) {
  .c0 {
    grid-column: calc(var(--grid-number-column-large) - 8) / span 8;
  }

  .c0 + figure {
    margin-top: 20rem;
  }
}

@media (min-width:800px) {
  .c4 {
    grid-column: 3 / span 8;
  }

  .c4 + figure {
    margin-top: 20rem;
  }
}

@media (min-width:800px) {
  .c5 {
    margin: 8.5rem 0;
  }
}

<div>
  <figure
    class="c0"
  >
    <div
      class="c1"
    />
    <figcaption
      class="c2"
    >
      <span />
      <span
        class="c3"
      >
        Février 2019
      </span>
    </figcaption>
  </figure>
  <figure
    class="c4"
  >
    <div
      class="c1"
    />
    <figcaption
      class="c2"
    >
      <span />
      <span
        class="c3"
      >
        Janvier 2019
      </span>
    </figcaption>
  </figure>
  <ul
    class="c5"
  >
    <li>
      <button
        class="sc-AykKH c6"
        title="Next page"
      >
        »
      </button>
    </li>
    <li>
      <button
        class="sc-AykKH c6"
        title="Last page"
      >
        »»
      </button>
    </li>
  </ul>
</div>
`;
