// Jest Snapshot v1, https://goo.gl/fbAQLP

exports[`<Select /> should render select 1`] = `
<DocumentFragment>
  <div
    class="c-dMoIJA c-TAzET"
  >
    <label
      class="c-iKAemi"
      for="position"
    >
      Position
    </label>
    <div
      class="c-gMvCio"
    >
      <select
        class="c-iGJQuL"
        id="position"
        name="position"
        required=""
      >
        <option
          value="left"
        >
          left
        </option>
        <option
          selected=""
          value="right"
        >
          right
        </option>
      </select>
      <svg
        height="14"
        viewBox="0 0 9 28"
        width="9"
        xmlns="http://www.w3.org/2000/svg"
      >
        <path
          d="M9.297 15c0 0.125-0.063 0.266-0.156 0.359l-7.281 7.281c-0.094 0.094-0.234 0.156-0.359 0.156s-0.266-0.063-0.359-0.156l-0.781-0.781c-0.094-0.094-0.156-0.219-0.156-0.359 0-0.125 0.063-0.266 0.156-0.359l6.141-6.141-6.141-6.141c-0.094-0.094-0.156-0.234-0.156-0.359s0.063-0.266 0.156-0.359l0.781-0.781c0.094-0.094 0.234-0.156 0.359-0.156s0.266 0.063 0.359 0.156l7.281 7.281c0.094 0.094 0.156 0.234 0.156 0.359z"
        />
      </svg>
    </div>
  </div>
</DocumentFragment>
`;
