// Jest Snapshot v1, https://goo.gl/fbAQLP

exports[`<Input /> should render input 1`] = `
<DocumentFragment>
  <div
    class="c-dMoIJA"
  >
    <label
      class="c-iKAemi"
      for="title"
    >
      Title
    </label>
    <input
      class="c-hjpsDP"
      id="title"
      name="title"
      type="text"
      value="Titre photo"
    />
  </div>
</DocumentFragment>
`;
