// Jest Snapshot v1, https://goo.gl/fbAQLP

exports[`<ModalDeletePhoto /> should render component 1`] = `
<DocumentFragment>
  <h1
    class="c-eskfFe"
  >
    Are you sure?
  </h1>
  <p>
    This action is irreversible
  </p>
  <p
    class="c-cBLpOj c-cBLpOj-gsXdEb-align-right"
  >
    <button
      class="c-ggYOOi c-eUyIYb c-eUyIYb-bWIhvO-color-secondary"
    >
       Cancel 
    </button>
    <button
      class="c-ggYOOi c-eUyIYb c-eUyIYb-heajzE-color-primary"
    >
       Yes 
    </button>
  </p>
</DocumentFragment>
`;
