// Jest Snapshot v1, https://goo.gl/fbAQLP

exports[`<Button /> should render button 1`] = `
.c0 {
  -webkit-appearance: none;
  -moz-appearance: none;
  appearance: none;
  background: var(--primary);
  border: none;
  border-radius: 3.6rem;
  color: white;
  cursor: pointer;
  display: block;
  font-size: 1.4rem;
  line-height: 1;
  margin: 2.8rem auto 0;
  outline: none;
  padding: 1.6rem 5.2rem;
  -webkit-transition: background 150ms ease-out;
  transition: background 150ms ease-out;
}

.c0:hover {
  background: var(--primary-lighter);
}

<div>
  <input
    class="c0"
    type="submit"
    value="Submit"
  />
</div>
`;

exports[`<Button /> should render loader 1`] = `
.c2 {
  margin: 2rem 0;
  -webkit-animation: jitEcr 800ms ease-in-out infinite alternate;
  animation: jitEcr 800ms ease-in-out infinite alternate;
}

.c2:after {
  background: var(--primary);
  border-radius: 50%;
  content: '';
  display: block;
  height: 1rem;
  width: 1rem;
  margin: 0 auto;
}

.c0 {
  margin: 2.8rem 0 0;
  padding: 1.8rem 0 1.8rem;
}

.c0 .c1 {
  margin: 0 auto;
}

<div>
  <div
    class="c0"
  >
    <div
      class="c1 c2"
    />
  </div>
</div>
`;
