// Jest Snapshot v1, https://goo.gl/fbAQLP

exports[`<Photos /> should render component 1`] = `
.c8 {
  -webkit-appearance: none;
  -moz-appearance: none;
  appearance: none;
  background: none;
  border: none;
  color: currentColor;
  cursor: pointer;
  display: -webkit-inline-box;
  display: -webkit-inline-flex;
  display: -ms-inline-flexbox;
  display: inline-flex;
  font-family: var(--font-family);
  outline: none;
  padding: 0;
  margin: 0;
}

.c9 {
  border-radius: 0.2rem;
  font-size: var(--font-size-smaller);
  line-height: 1.3333333;
  padding: 1.6rem;
  -webkit-transition: background 150ms ease-out;
  transition: background 150ms ease-out;
}

.c9 > svg {
  margin: 0 -0.4rem 0 0.4rem;
}

.c7 + .c7 {
  margin: 0 0 0 0.8rem;
}

.c10 {
  background: var(--secondary-normal);
  color: var(--text-normal);
}

.c10:hover {
  background: var(--secondary-darker);
}

.c6 {
  display: -webkit-inline-box;
  display: -webkit-inline-flex;
  display: -ms-inline-flexbox;
  display: inline-flex;
  -webkit-box-pack: center;
  -webkit-justify-content: center;
  -ms-flex-pack: center;
  justify-content: center;
  list-style-type: none;
  width: 100%;
  padding: 0;
}

.c6 > li {
  margin: 0 0.4rem;
}

.c11 {
  -webkit-align-items: center;
  -webkit-box-align: center;
  -ms-flex-align: center;
  align-items: center;
  font-size: var(--font-size-normal);
  height: 4.4rem;
  -webkit-box-pack: center;
  -webkit-justify-content: center;
  -ms-flex-pack: center;
  justify-content: center;
  padding: 0;
  width: 4.4rem;
}

.c0 {
  --shadow-width: 6vw;
  --shadow-width-smaller: 2rem;
  grid-row-start: 1;
  grid-column: 1 / span 6;
  margin: 0;
}

.c4 {
  --shadow-width: 6vw;
  --shadow-width-smaller: 2rem;
  grid-row-start: 2;
  grid-column: 1 / span 6;
  margin: 0;
}

.c2 {
  font-size: var(--font-size-smaller-1);
}

.c3 {
  color: var(--gray-normal);
  display: block;
  font-size: var(--font-size-smaller-3);
  font-style: italic;
  margin: 0.4rem 0 0;
}

.c1 {
  background: currentColor;
  width: 100%;
  margin: 0 0 1rem;
  aspect-ratio: var(--aspect-ratio);
}

.c5 {
  grid-column: 1 / -1;
  margin: 4.5rem 0;
}

@media (min-width:800px) {
  .c0 {
    grid-column: calc(var(--grid-number-column-large) - 8) / span 8;
  }

  .c0 + figure {
    margin-top: 20rem;
  }
}

@media (min-width:800px) {
  .c4 {
    grid-column: 3 / span 8;
  }

  .c4 + figure {
    margin-top: 20rem;
  }
}

@supports (not (aspect-ratio:1 / 1)) and (not (aspect-ratio:3 / 2)) and (not (aspect-ratio:2 / 3)) {
  .c1 {
    position: relative;
    padding-top: calc(100% / var(--aspect-ratio));
  }
}

@media (min-width:800px) {
  .c5 {
    margin: 8.5rem 0;
  }
}

<div>
  <figure
    class="c0"
    data-testid="photo"
  >
    <div
      class="c1"
      style="--aspect-ratio: 1.5;"
    />
    <figcaption
      class="c2"
    >
      <span />
      <span
        class="c3"
      >
        Février 2019
      </span>
    </figcaption>
  </figure>
  <figure
    class="c4"
    data-testid="photo"
  >
    <div
      class="c1"
      style="--aspect-ratio: 1.5;"
    />
    <figcaption
      class="c2"
    >
      <span />
      <span
        class="c3"
      >
        Janvier 2019
      </span>
    </figcaption>
  </figure>
  <div
    class="c5"
  >
    <ul
      class="c6"
    >
      <li>
        <button
          class="c7 c8 c9 c10 c11"
          data-testid="next-page"
          title="Next page"
        >
          »
        </button>
      </li>
      <li>
        <button
          class="c7 c8 c9 c10 c11"
          data-testid="last-page"
          title="Last page"
        >
          »»
        </button>
      </li>
    </ul>
  </div>
</div>
`;
